# 端口 COM3 @ 115200 8N1  日志 D:\Program Files\Roborobo\Romanbo\python\logs\probe-20260925-220807.log
# 串口已打开: COM3
== [A] 控制器板探测（ID=0，GetModel/GetVersion 走 LEN=0 旧格式）==
TX  GetModel(控制器)            FF FF 00 00 01 01
RX  FF FF 00 02 81 00 70 0F
    -> 未解析成帧（前 8 字节: FF FF 00 02 81 00 70 0F）
TX  GetVersion(控制器)          FF FF 00 00 02 00
RX  FF FF 00 02 82 08 01 75
    -> 未解析成帧（前 8 字节: FF FF 00 02 82 08 01 75）
== [B] 舵机探测矩阵 ==
-- ID 1
TX  Status         0x05      FF FF 01 06 05 F6
RX  <超时无响应>
TX  GetMotor       0x16      FF FF 01 06 16 E5
RX  <超时无响应>
TX  GetPosition    0x14      FF FF 01 06 14 E7
RX  <超时无响应>
TX  GetModel(严格) 0x01        FF FF 01 06 01 FA
RX  <超时无响应>
TX  GetVersion(严格)0x02       FF FF 01 06 02 F9
RX  <超时无响应>
-- ID 2
TX  Status         0x05      FF FF 02 06 05 F5
RX  <超时无响应>
TX  GetMotor       0x16      FF FF 02 06 16 E4
RX  <超时无响应>
TX  GetPosition    0x14      FF FF 02 06 14 E6
RX  <超时无响应>
TX  GetModel(严格) 0x01        FF FF 02 06 01 F9
RX  <超时无响应>
TX  GetVersion(严格)0x02       FF FF 02 06 02 F8
RX  <超时无响应>
-- ID 3
TX  Status         0x05      FF FF 03 06 05 F4
RX  <超时无响应>
TX  GetMotor       0x16      FF FF 03 06 16 E3
RX  <超时无响应>
TX  GetPosition    0x14      FF FF 03 06 14 E5
RX  <超时无响应>
TX  GetModel(严格) 0x01        FF FF 03 06 01 F8
RX  <超时无响应>
TX  GetVersion(严格)0x02       FF FF 03 06 02 F7
RX  <超时无响应>
