# 端口 COM3 @ 115200 8N1  日志 D:\Program Files\Roborobo\Romanbo\python\logs\probe-20260925-221000.log
# 串口已打开: COM3
== 扫描 ID 1..32 ==
TX  Status(id=1)             FF FF 01 06 05 F6
RX  <超时无响应>
TX  Status(id=2)             FF FF 02 06 05 F5
RX  <超时无响应>
TX  Status(id=3)             FF FF 03 06 05 F4
RX  <超时无响应>
TX  Status(id=4)             FF FF 04 06 05 F3
RX  <超时无响应>
TX  Status(id=5)             FF FF 05 06 05 F2
RX  <超时无响应>
TX  Status(id=6)             FF FF 06 06 05 F1
RX  <超时无响应>
TX  Status(id=7)             FF FF 07 06 05 F0
RX  <超时无响应>
TX  Status(id=8)             FF FF 08 06 05 EF
RX  <超时无响应>
TX  Status(id=9)             FF FF 09 06 05 EE
RX  <超时无响应>
TX  Status(id=10)            FF FF 0A 06 05 ED
RX  <超时无响应>
TX  Status(id=11)            FF FF 0B 06 05 EC
RX  <超时无响应>
TX  Status(id=12)            FF FF 0C 06 05 EB
RX  <超时无响应>
TX  Status(id=13)            FF FF 0D 06 05 EA
RX  <超时无响应>
TX  Status(id=14)            FF FF 0E 06 05 E9
RX  <超时无响应>
TX  Status(id=15)            FF FF 0F 06 05 E8
RX  <超时无响应>
TX  Status(id=16)            FF FF 10 06 05 E7
RX  <超时无响应>
TX  Status(id=17)            FF FF 11 06 05 E6
RX  <超时无响应>
TX  Status(id=18)            FF FF 12 06 05 E5
RX  <超时无响应>
TX  Status(id=19)            FF FF 13 06 05 E4
RX  <超时无响应>
TX  Status(id=20)            FF FF 14 06 05 E3
RX  <超时无响应>
TX  Status(id=21)            FF FF 15 06 05 E2
RX  <超时无响应>
TX  Status(id=22)            FF FF 16 06 05 E1
RX  <超时无响应>
TX  Status(id=23)            FF FF 17 06 05 E0
RX  <超时无响应>
TX  Status(id=24)            FF FF 18 06 05 DF
RX  <超时无响应>
TX  Status(id=25)            FF FF 19 06 05 DE
RX  <超时无响应>
TX  Status(id=26)            FF FF 1A 06 05 DD
RX  <超时无响应>
TX  Status(id=27)            FF FF 1B 06 05 DC
RX  <超时无响应>
TX  Status(id=28)            FF FF 1C 06 05 DB
RX  <超时无响应>
TX  Status(id=29)            FF FF 1D 06 05 DA
RX  <超时无响应>
TX  Status(id=30)            FF FF 1E 06 05 D9
RX  <超时无响应>
TX  Status(id=31)            FF FF 1F 06 05 D8
RX  <超时无响应>
TX  Status(id=32)            FF FF 20 06 05 D7
RX  <超时无响应>
== 扫描结果: 无响应 ==
